{"event": "environment", "jj": "jj 0.42.0", "python": "3.13.13 (main, Apr  7 2026, 18:19:01) [GCC 14.3.0]", "run_root": "/home/andrew/.paseo/worktrees/39ifwuy3/hesitant-anaconda/.loci/issues/001-secondary-workspaces-first-class/artifacts/20260819T225032Z-post-review/run-root"}
{"argv": ["jj", "git", "init", "--colocate"], "cwd": "/home/andrew/.paseo/worktrees/39ifwuy3/hesitant-anaconda/.loci/issues/001-secondary-workspaces-first-class/artifacts/20260819T225032Z-post-review/run-root/repository", "event": "command", "returncode": 0, "stderr": "Initialized repo in \".\"\n", "stdout": ""}
{"argv": ["jj", "config", "set", "--repo", "user.name", "Live Repository Author"], "cwd": "/home/andrew/.paseo/worktrees/39ifwuy3/hesitant-anaconda/.loci/issues/001-secondary-workspaces-first-class/artifacts/20260819T225032Z-post-review/run-root/repository", "event": "command", "returncode": 0, "stderr": "Warning: This setting will only impact future commits.\nThe author of the working copy will stay \" <>\".\nTo change the working copy author, use \"jj metaedit --update-author\"\n", "stdout": ""}
{"argv": ["jj", "config", "set", "--repo", "user.email", "repository@live.invalid"], "cwd": "/home/andrew/.paseo/worktrees/39ifwuy3/hesitant-anaconda/.loci/issues/001-secondary-workspaces-first-class/artifacts/20260819T225032Z-post-review/run-root/repository", "event": "command", "returncode": 0, "stderr": "Warning: This setting will only impact future commits.\nThe author of the working copy will stay \" <>\".\nTo change the working copy author, use \"jj metaedit --update-author\"\n", "stdout": ""}
{"argv": ["jj", "describe", "-m", "base"], "cwd": "/home/andrew/.paseo/worktrees/39ifwuy3/hesitant-anaconda/.loci/issues/001-secondary-workspaces-first-class/artifacts/20260819T225032Z-post-review/run-root/repository", "event": "command", "returncode": 0, "stderr": "Working copy  (@) now at: rvtluput fb66b816 base\nParent commit (@-)      : zzzzzzzz 00000000 (empty) (no description set)\n", "stdout": ""}
{"argv": ["jj", "bookmark", "create", "base", "-r", "@"], "cwd": "/home/andrew/.paseo/worktrees/39ifwuy3/hesitant-anaconda/.loci/issues/001-secondary-workspaces-first-class/artifacts/20260819T225032Z-post-review/run-root/repository", "event": "command", "returncode": 0, "stderr": "Created 1 bookmarks pointing to rvtluput fb66b816 base | base\n", "stdout": ""}
{"argv": ["jj", "new", "base", "-m", "side A"], "cwd": "/home/andrew/.paseo/worktrees/39ifwuy3/hesitant-anaconda/.loci/issues/001-secondary-workspaces-first-class/artifacts/20260819T225032Z-post-review/run-root/repository", "event": "command", "returncode": 0, "stderr": "Working copy  (@) now at: qykmwskq d8bebb40 (empty) side A\nParent commit (@-)      : rvtluput fb66b816 base | base\n", "stdout": ""}
{"argv": ["jj", "bookmark", "create", "sideA", "-r", "@"], "cwd": "/home/andrew/.paseo/worktrees/39ifwuy3/hesitant-anaconda/.loci/issues/001-secondary-workspaces-first-class/artifacts/20260819T225032Z-post-review/run-root/repository", "event": "command", "returncode": 0, "stderr": "Created 1 bookmarks pointing to qykmwskq edfbc6e6 sideA | side A\n", "stdout": ""}
{"argv": ["jj", "new", "base", "-m", "side B"], "cwd": "/home/andrew/.paseo/worktrees/39ifwuy3/hesitant-anaconda/.loci/issues/001-secondary-workspaces-first-class/artifacts/20260819T225032Z-post-review/run-root/repository", "event": "command", "returncode": 0, "stderr": "Working copy  (@) now at: rtnxvzwx 4209e21e (empty) side B\nParent commit (@-)      : rvtluput fb66b816 base | base\nAdded 0 files, modified 1 files, removed 1 files\n", "stdout": ""}
{"argv": ["jj", "bookmark", "create", "sideB", "-r", "@"], "cwd": "/home/andrew/.paseo/worktrees/39ifwuy3/hesitant-anaconda/.loci/issues/001-secondary-workspaces-first-class/artifacts/20260819T225032Z-post-review/run-root/repository", "event": "command", "returncode": 0, "stderr": "Created 1 bookmarks pointing to rtnxvzwx 4b32126d sideB | side B\n", "stdout": ""}
{"argv": ["jj", "new", "sideA", "sideB", "-m", "source merge"], "cwd": "/home/andrew/.paseo/worktrees/39ifwuy3/hesitant-anaconda/.loci/issues/001-secondary-workspaces-first-class/artifacts/20260819T225032Z-post-review/run-root/repository", "event": "command", "returncode": 0, "stderr": "Working copy  (@) now at: wtynzskp 419d76f2 (conflict) (empty) source merge\nParent commit (@-)      : qykmwskq edfbc6e6 sideA | side A\nParent commit (@-)      : rtnxvzwx 4b32126d sideB | side B\nAdded 1 files, modified 1 files, removed 0 files\nWarning: There are unresolved conflicts at these paths:\nconflict.txt    2-sided conflict\n", "stdout": ""}
{"argv": ["jj", "sparse", "set", "--clear", "--add", "common.txt"], "cwd": "/home/andrew/.paseo/worktrees/39ifwuy3/hesitant-anaconda/.loci/issues/001-secondary-workspaces-first-class/artifacts/20260819T225032Z-post-review/run-root/repository", "event": "command", "returncode": 0, "stderr": "Added 0 files, modified 0 files, removed 3 files\n", "stdout": ""}
{"argv": ["jj", "log", "-r", "default@", "--no-graph", "-T", "parents.map(|c| c.commit_id()).join(\",\")"], "cwd": "/home/andrew/.paseo/worktrees/39ifwuy3/hesitant-anaconda/.loci/issues/001-secondary-workspaces-first-class/artifacts/20260819T225032Z-post-review/run-root/repository", "event": "command", "returncode": 0, "stderr": "", "stdout": "edfbc6e6b8dc6d4e3c85cfd51d1e340527ee15b6,4b32126d75529047bfb2d53665fb16f36b65c242"}
{"argv": ["jj", "op", "log", "--no-graph", "-T", "id ++ \"\\n\""], "cwd": "/home/andrew/.paseo/worktrees/39ifwuy3/hesitant-anaconda/.loci/issues/001-secondary-workspaces-first-class/artifacts/20260819T225032Z-post-review/run-root/repository", "event": "command", "returncode": 0, "stderr": "", "stdout": "caf6c4d9a8cf69461782d04f3b97654b565595627cd58e944d7857fbc26ee777b3e1a3f7f013bbef2043caa3cea1894fd0aae7dae2688a606cc9ee1a33f12d06\n228a063a34dc16197a096850e38491788f0caa109480ec20340fcaf8eafa311a99ff36fc93085f55319ec5d7598134a906ce3f8b45c51ca55161a97315adeb56\na1e25e051f46e64e120459d7d86b259ca28a5dcf3b76f73a347602efa9aca625c240d746572219f0c2ab9c37893901c9b3c5d0944cbdc0fec91b229db5467f2a\n487129027d2a330cf86a6a1f944e61dfee19ff3be5a0a820985b15eee0dd0769dc1421bb8041fe9e4d1ab97a8e844aa85f297f0ad69cd84e80901ceb44495255\n7296771fbe0563da4d1156349b88c7d7f0fc38ab22a0f97d97bcf712e715c99e51aeab96b5a5f826414a5c1434dd01ec1e2b80bb9783355ab94bcd2bc2df778e\nd1acfc008ed57d84b0a31ee727dbf6e30fb7a75706fa7eb99cf765537c404c096a972154c5df6252242637032fd88a633ff260b223c24e324fcee165c3f8ac00\nc1c7508def24c196f2f6b6632d081d6d658f0679805a4d480d7265a2bc4c17f3a9fb79ae5fba8d5c5737695f097320a8050be1aa4c4bf7dd07cfdae03449f135\ne06d125e8666e155429c10124e292e29354c0b0a3a8b0952c99140b6d2d706cb23b061abfea40f63b9f7d2369bcd35d9da207e0529d6da11dcda804e517392e5\n30e288b841be3d30ead38660c25098a8aa8c08fc3e38854fcd0a7593f812f93544183f98e3d65ea2e3b6751aec15c6475edc16494517a46d9d909e8a888abf58\ne5c9bb25fbe3f38ad563ead046d0da073555da5d2267d884bfdc2fcdcff876ebc4cc3b0f4b95df9cc29b27b9b722b4a203cc4cc54b8b2582113f4f80194b2f52\nbbf5d220f3865bf76bf9ee46e91b1c082d5125f07158ceb3ec9ad1d22c65826301940e9022f60a7b95e639132ba5df1cafde2bc35a0f05c9d1ba1f3142468f51\n00000000000000000000000000000000000000000000000000000000000000000000000000000000000000000000000000000000000000000000000000000000\n"}
{"argv": ["jj", "op", "log", "--no-graph", "-T", "id ++ \"\\n\""], "cwd": "/home/andrew/.paseo/worktrees/39ifwuy3/hesitant-anaconda/.loci/issues/001-secondary-workspaces-first-class/artifacts/20260819T225032Z-post-review/run-root/repository", "event": "command", "returncode": 0, "stderr": "", "stdout": "5ca7264aae7c1490870e80b14043ebb667aa2e27d68abeae612c20c2e21628624a4faffa77db00dee209bfa1e8142fd346939c460d77a66beafcdb0c1ebb30bd\na55b282ac424bf166c351e572ab4278ece9f2ca3e17bb784c16dff93b21d15425fbf1ba08fc42c73d38e06029d32e7e4907bec0f9562a310b7c45611c0b90b66\ncaf6c4d9a8cf69461782d04f3b97654b565595627cd58e944d7857fbc26ee777b3e1a3f7f013bbef2043caa3cea1894fd0aae7dae2688a606cc9ee1a33f12d06\n228a063a34dc16197a096850e38491788f0caa109480ec20340fcaf8eafa311a99ff36fc93085f55319ec5d7598134a906ce3f8b45c51ca55161a97315adeb56\na1e25e051f46e64e120459d7d86b259ca28a5dcf3b76f73a347602efa9aca625c240d746572219f0c2ab9c37893901c9b3c5d0944cbdc0fec91b229db5467f2a\n487129027d2a330cf86a6a1f944e61dfee19ff3be5a0a820985b15eee0dd0769dc1421bb8041fe9e4d1ab97a8e844aa85f297f0ad69cd84e80901ceb44495255\n7296771fbe0563da4d1156349b88c7d7f0fc38ab22a0f97d97bcf712e715c99e51aeab96b5a5f826414a5c1434dd01ec1e2b80bb9783355ab94bcd2bc2df778e\nd1acfc008ed57d84b0a31ee727dbf6e30fb7a75706fa7eb99cf765537c404c096a972154c5df6252242637032fd88a633ff260b223c24e324fcee165c3f8ac00\nc1c7508def24c196f2f6b6632d081d6d658f0679805a4d480d7265a2bc4c17f3a9fb79ae5fba8d5c5737695f097320a8050be1aa4c4bf7dd07cfdae03449f135\ne06d125e8666e155429c10124e292e29354c0b0a3a8b0952c99140b6d2d706cb23b061abfea40f63b9f7d2369bcd35d9da207e0529d6da11dcda804e517392e5\n30e288b841be3d30ead38660c25098a8aa8c08fc3e38854fcd0a7593f812f93544183f98e3d65ea2e3b6751aec15c6475edc16494517a46d9d909e8a888abf58\ne5c9bb25fbe3f38ad563ead046d0da073555da5d2267d884bfdc2fcdcff876ebc4cc3b0f4b95df9cc29b27b9b722b4a203cc4cc54b8b2582113f4f80194b2f52\nbbf5d220f3865bf76bf9ee46e91b1c082d5125f07158ceb3ec9ad1d22c65826301940e9022f60a7b95e639132ba5df1cafde2bc35a0f05c9d1ba1f3142468f51\n00000000000000000000000000000000000000000000000000000000000000000000000000000000000000000000000000000000000000000000000000000000\n"}
{"event": "assertion", "name": "workspace add operation count", "status": "passed", "value": 14}
{"argv": ["jj", "op", "log", "--no-graph", "--limit", "2", "-T", "description ++ \"\\n\""], "cwd": "/home/andrew/.paseo/worktrees/39ifwuy3/hesitant-anaconda/.loci/issues/001-secondary-workspaces-first-class/artifacts/20260819T225032Z-post-review/run-root/repository", "event": "command", "returncode": 0, "stderr": "", "stdout": "create initial working-copy commit in workspace py-default\nadd workspace 'py-default'\n"}
{"event": "assertion", "name": "workspace add operation descriptions", "status": "passed", "value": ["create initial working-copy commit in workspace py-default", "add workspace 'py-default'"]}
{"argv": ["jj", "workspace", "add", "--name", "cli-default", "/home/andrew/.paseo/worktrees/39ifwuy3/hesitant-anaconda/.loci/issues/001-secondary-workspaces-first-class/artifacts/20260819T225032Z-post-review/run-root/cli-default"], "cwd": "/home/andrew/.paseo/worktrees/39ifwuy3/hesitant-anaconda/.loci/issues/001-secondary-workspaces-first-class/artifacts/20260819T225032Z-post-review/run-root/repository", "event": "command", "returncode": 0, "stderr": "Created workspace in \"../cli-default\"\nWorking copy  (@) now at: qqtxnlym dda0ad4f (conflict) (empty) (no description set)\nParent commit (@-)      : qykmwskq edfbc6e6 sideA | side A\nParent commit (@-)      : rtnxvzwx 4b32126d sideB | side B\nAdded 1 files, modified 0 files, removed 0 files\nWarning: There are unresolved conflicts at these paths:\n../cli-default/conflict.txt    2-sided conflict\n", "stdout": ""}
{"event": "assertion", "name": "default Pyjutsu parents", "status": "passed", "value": ["edfbc6e6b8dc6d4e3c85cfd51d1e340527ee15b6", "4b32126d75529047bfb2d53665fb16f36b65c242"]}
{"event": "assertion", "name": "default CLI parents", "status": "passed", "value": ["edfbc6e6b8dc6d4e3c85cfd51d1e340527ee15b6", "4b32126d75529047bfb2d53665fb16f36b65c242"]}
{"event": "assertion", "name": "default merged tree", "status": "passed", "value": "338b79072c5952c5b20f6606e06763be1b99ee3cad4fd6f78c093cbcefb0cdf1aa343ad8eb2773e6a3e712d9247cae03d501bdf5b774259b5dfa7d41"}
{"event": "assertion", "name": "default conflict state", "status": "passed", "value": true}
{"event": "assertion", "name": "default sparse copy files", "status": "passed", "value": [".jj", "common.txt"]}
{"argv": ["jj", "workspace", "add", "--name", "cli-explicit", "-r", "rvtluputtzvnrrxtzlxvqynsyolzsxnu", "--sparse-patterns", "full", "/home/andrew/.paseo/worktrees/39ifwuy3/hesitant-anaconda/.loci/issues/001-secondary-workspaces-first-class/artifacts/20260819T225032Z-post-review/run-root/cli-explicit"], "cwd": "/home/andrew/.paseo/worktrees/39ifwuy3/hesitant-anaconda/.loci/issues/001-secondary-workspaces-first-class/artifacts/20260819T225032Z-post-review/run-root/repository", "event": "command", "returncode": 0, "stderr": "Created workspace in \"../cli-explicit\"\nWorking copy  (@) now at: pznvoqvp 4cd27ab1 (empty) (no description set)\nParent commit (@-)      : rvtluput fb66b816 base | base\nAdded 2 files, modified 0 files, removed 0 files\n", "stdout": ""}
{"event": "assertion", "name": "stable change ID parent", "status": "passed", "value": ["fb66b8168f75b10a47b105944630612b99102255"]}
{"event": "assertion", "name": "explicit CLI parent", "status": "passed", "value": ["fb66b8168f75b10a47b105944630612b99102255"]}
{"event": "assertion", "name": "explicit working-copy tree", "status": "passed", "value": "92540917c0db55aad6efb7bcd4bca8ce80251d7b"}
{"event": "assertion", "name": "explicit commit is empty", "status": "passed", "value": true}
{"event": "assertion", "name": "explicit checkout common file", "status": "passed"}
{"event": "assertion", "name": "explicit checkout baseline file", "status": "passed"}
{"event": "assertion", "name": "typed Revset parent", "status": "passed", "value": ["fb66b8168f75b10a47b105944630612b99102255"]}
{"argv": ["jj", "workspace", "add", "--name", "cli-merge", "-r", "sideA", "-r", "sideB", "--sparse-patterns", "full", "/home/andrew/.paseo/worktrees/39ifwuy3/hesitant-anaconda/.loci/issues/001-secondary-workspaces-first-class/artifacts/20260819T225032Z-post-review/run-root/cli-merge"], "cwd": "/home/andrew/.paseo/worktrees/39ifwuy3/hesitant-anaconda/.loci/issues/001-secondary-workspaces-first-class/artifacts/20260819T225032Z-post-review/run-root/repository", "event": "command", "returncode": 0, "stderr": "Created workspace in \"../cli-merge\"\nWorking copy  (@) now at: yykwvsqq 90106d4e (conflict) (empty) (no description set)\nParent commit (@-)      : qykmwskq edfbc6e6 sideA | side A\nParent commit (@-)      : rtnxvzwx 4b32126d sideB | side B\nAdded 4 files, modified 0 files, removed 0 files\nWarning: There are unresolved conflicts at these paths:\n../cli-merge/conflict.txt    2-sided conflict\n", "stdout": ""}
{"event": "assertion", "name": "multi-parent topology", "status": "passed", "value": ["4b32126d75529047bfb2d53665fb16f36b65c242", "edfbc6e6b8dc6d4e3c85cfd51d1e340527ee15b6"]}
{"event": "assertion", "name": "multi-parent CLI topology", "status": "passed", "value": ["4b32126d75529047bfb2d53665fb16f36b65c242", "edfbc6e6b8dc6d4e3c85cfd51d1e340527ee15b6"]}
{"event": "assertion", "name": "multi-parent merged tree", "status": "passed", "value": "338b79072c5952c5b20f6606e06763be1b99ee3cad4fd6f78c093cbcefb0cdf1aa343ad8eb2773e6a3e712d9247cae03d501bdf5b774259b5dfa7d41"}
{"event": "assertion", "name": "multi-parent conflict state", "status": "passed", "value": true}
{"event": "assertion", "name": "multi-parent conflicts", "status": "passed", "value": [["conflict.txt", 2, 1]]}
{"event": "assertion", "name": "multi-parent A-only checkout", "status": "passed"}
{"event": "assertion", "name": "multi-parent B-only checkout", "status": "passed"}
{"event": "assertion", "name": "multi-parent conflict checkout", "status": "passed"}
{"event": "assertion", "name": "empty sparse checkout", "status": "passed", "value": [".jj"]}
{"error_type": "RevsetError", "event": "expected_error", "message": " --> 1:6\n  |\n1 | this is not a revset (\n  |      ^---\n  |\n  = expected <EOI>, `|`, `&`, or `~`", "name": "invalid"}
{"event": "assertion", "name": "invalid destination absent", "status": "passed", "value": false}
{"error_type": "RevsetError", "event": "expected_error", "message": "revset 'none()' resolved to 0 revisions, expected exactly 1", "name": "empty"}
{"event": "assertion", "name": "empty destination absent", "status": "passed", "value": false}
{"error_type": "RevsetError", "event": "expected_error", "message": "revset 'all()' resolved to 13 revisions, expected exactly 1", "name": "multiple"}
{"event": "assertion", "name": "multiple destination absent", "status": "passed", "value": false}
{"error_type": "PyjutsuError", "event": "expected_error", "message": "workspace named 'py-explicit' already exists", "name": "duplicate"}
{"event": "assertion", "name": "duplicate destination absent", "status": "passed", "value": false}
{"error_type": "PyjutsuError", "event": "expected_error", "message": "destination path exists and is not an empty directory", "name": "nonempty"}
{"event": "assertion", "name": "non-empty destination preserved", "status": "passed", "value": "keep\n"}
{"argv": ["jj", "new", "root()"], "cwd": "/home/andrew/.paseo/worktrees/39ifwuy3/hesitant-anaconda/.loci/issues/001-secondary-workspaces-first-class/artifacts/20260819T225032Z-post-review/run-root/cli-explicit", "event": "command", "returncode": 0, "stderr": "Working copy  (@) now at: zxlxouoz 5711e6b9 (empty) (no description set)\nParent commit (@-)      : zzzzzzzz 00000000 (empty) (no description set)\nAdded 0 files, modified 0 files, removed 2 files\n", "stdout": ""}
{"argv": ["jj", "log", "-r", "@", "--no-graph", "-T", "author.name()"], "cwd": "/home/andrew/.paseo/worktrees/39ifwuy3/hesitant-anaconda/.loci/issues/001-secondary-workspaces-first-class/artifacts/20260819T225032Z-post-review/run-root/cli-explicit", "event": "command", "returncode": 0, "stderr": "", "stdout": "Live Repository Author"}
{"argv": ["jj", "log", "-r", "@", "--no-graph", "-T", "author.email()"], "cwd": "/home/andrew/.paseo/worktrees/39ifwuy3/hesitant-anaconda/.loci/issues/001-secondary-workspaces-first-class/artifacts/20260819T225032Z-post-review/run-root/cli-explicit", "event": "command", "returncode": 0, "stderr": "", "stdout": "repository@live.invalid"}
{"event": "assertion", "name": "primary repository identity", "status": "passed", "value": ["Live Repository Author", "repository@live.invalid"]}
{"event": "assertion", "name": "secondary repository identity", "status": "passed", "value": ["Live Repository Author", "repository@live.invalid"]}
{"event": "assertion", "name": "CLI repository identity", "status": "passed", "value": ["Live Repository Author", "repository@live.invalid"]}
{"argv": ["jj", "config", "set", "--workspace", "user.name", "Live Workspace Author"], "cwd": "/home/andrew/.paseo/worktrees/39ifwuy3/hesitant-anaconda/.loci/issues/001-secondary-workspaces-first-class/artifacts/20260819T225032Z-post-review/run-root/py-explicit", "event": "command", "returncode": 0, "stderr": "Warning: This setting will only impact future commits.\nThe author of the working copy will stay \"Live Repository Author <repository@live.invalid>\".\nTo change the working copy author, use \"jj metaedit --update-author\"\n", "stdout": ""}
{"event": "assertion", "name": "workspace configuration override", "status": "passed", "value": ["Live Workspace Author", "repository@live.invalid"]}
{"event": "assertion", "name": "workspace configuration remains distinct", "status": "passed", "value": ["Live Repository Author", "repository@live.invalid"]}
{"argv": ["jj", "config", "path", "--repo"], "cwd": "/home/andrew/.paseo/worktrees/39ifwuy3/hesitant-anaconda/.loci/issues/001-secondary-workspaces-first-class/artifacts/20260819T225032Z-post-review/run-root/repository", "event": "command", "returncode": 0, "stderr": "", "stdout": "/home/andrew/.paseo/worktrees/39ifwuy3/hesitant-anaconda/.loci/issues/001-secondary-workspaces-first-class/artifacts/20260819T225032Z-post-review/run-root/config/jj/repos/9c33c5b2643b2e038277/config.toml\n"}
{"argv": ["jj", "new", "root()"], "cwd": "/home/andrew/.paseo/worktrees/39ifwuy3/hesitant-anaconda/.loci/issues/001-secondary-workspaces-first-class/artifacts/20260819T225032Z-post-review/run-root/conditional", "event": "command", "returncode": 0, "stderr": "Working copy  (@) now at: vmuxkoos f357cad1 (empty) (no description set)\nParent commit (@-)      : zzzzzzzz 00000000 (empty) (no description set)\n", "stdout": ""}
{"argv": ["jj", "log", "-r", "@", "--no-graph", "-T", "author.name()"], "cwd": "/home/andrew/.paseo/worktrees/39ifwuy3/hesitant-anaconda/.loci/issues/001-secondary-workspaces-first-class/artifacts/20260819T225032Z-post-review/run-root/conditional", "event": "command", "returncode": 0, "stderr": "", "stdout": "Conditional Repository Author"}
{"argv": ["jj", "log", "-r", "@", "--no-graph", "-T", "author.email()"], "cwd": "/home/andrew/.paseo/worktrees/39ifwuy3/hesitant-anaconda/.loci/issues/001-secondary-workspaces-first-class/artifacts/20260819T225032Z-post-review/run-root/conditional", "event": "command", "returncode": 0, "stderr": "", "stdout": "conditional@live.invalid"}
{"event": "assertion", "name": "repository path condition", "status": "passed", "value": ["Conditional Repository Author", "repository@live.invalid"]}
{"event": "assertion", "name": "workspace path condition", "status": "passed", "value": ["Conditional Repository Author", "conditional@live.invalid"]}
{"event": "assertion", "name": "CLI conditional identity", "status": "passed", "value": ["Conditional Repository Author", "conditional@live.invalid"]}
{"event": "assertion", "name": "environment override precedence", "status": "passed", "value": ["Environment Author", "environment@live.invalid"]}
{"argv": ["jj", "git", "init", "--colocate"], "cwd": "/home/andrew/.paseo/worktrees/39ifwuy3/hesitant-anaconda/.loci/issues/001-secondary-workspaces-first-class/artifacts/20260819T225032Z-post-review/run-root/clean-repository", "event": "command", "returncode": 0, "stderr": "Initialized repo in \".\"\n", "stdout": ""}
{"event": "assertion", "name": "normal load repo config ID absent", "status": "passed", "value": false}
{"event": "assertion", "name": "normal load workspace config ID absent", "status": "passed", "value": false}
{"event": "assertion", "name": "normal load secure repo directory absent", "status": "passed", "value": false}
{"event": "assertion", "name": "normal load secure workspace directory absent", "status": "passed", "value": false}
{"argv": ["jj", "git", "init", "--colocate"], "cwd": "/home/andrew/.paseo/worktrees/39ifwuy3/hesitant-anaconda/.loci/issues/001-secondary-workspaces-first-class/artifacts/20260819T225032Z-post-review/run-root/migration-repository", "event": "command", "returncode": 0, "stderr": "Initialized repo in \".\"\n", "stdout": ""}
{"event": "assertion", "name": "secure migration warning emitted", "status": "passed"}
{"event": "assertion", "name": "migrated configuration authors commits", "status": "passed", "value": ["Migrated Author", "migrated@live.invalid"]}
{"event": "result", "status": "passed"}
