{"event": "environment", "jj": "jj 0.42.0", "python": "3.13.13 (main, Apr  7 2026, 18:19:01) [GCC 14.3.0]", "run_root": "/home/andrew/.paseo/worktrees/39ifwuy3/hesitant-anaconda/.loci/issues/001-secondary-workspaces-first-class/artifacts/20260819T224733Z-final/run-root"}
{"argv": ["jj", "git", "init", "--colocate"], "cwd": "/home/andrew/.paseo/worktrees/39ifwuy3/hesitant-anaconda/.loci/issues/001-secondary-workspaces-first-class/artifacts/20260819T224733Z-final/run-root/repository", "event": "command", "returncode": 0, "stderr": "Initialized repo in \".\"\n", "stdout": ""}
{"argv": ["jj", "config", "set", "--repo", "user.name", "Live Repository Author"], "cwd": "/home/andrew/.paseo/worktrees/39ifwuy3/hesitant-anaconda/.loci/issues/001-secondary-workspaces-first-class/artifacts/20260819T224733Z-final/run-root/repository", "event": "command", "returncode": 0, "stderr": "Warning: This setting will only impact future commits.\nThe author of the working copy will stay \" <>\".\nTo change the working copy author, use \"jj metaedit --update-author\"\n", "stdout": ""}
{"argv": ["jj", "config", "set", "--repo", "user.email", "repository@live.invalid"], "cwd": "/home/andrew/.paseo/worktrees/39ifwuy3/hesitant-anaconda/.loci/issues/001-secondary-workspaces-first-class/artifacts/20260819T224733Z-final/run-root/repository", "event": "command", "returncode": 0, "stderr": "Warning: This setting will only impact future commits.\nThe author of the working copy will stay \" <>\".\nTo change the working copy author, use \"jj metaedit --update-author\"\n", "stdout": ""}
{"argv": ["jj", "describe", "-m", "base"], "cwd": "/home/andrew/.paseo/worktrees/39ifwuy3/hesitant-anaconda/.loci/issues/001-secondary-workspaces-first-class/artifacts/20260819T224733Z-final/run-root/repository", "event": "command", "returncode": 0, "stderr": "Working copy  (@) now at: mklouoln bf295b4a base\nParent commit (@-)      : zzzzzzzz 00000000 (empty) (no description set)\n", "stdout": ""}
{"argv": ["jj", "bookmark", "create", "base", "-r", "@"], "cwd": "/home/andrew/.paseo/worktrees/39ifwuy3/hesitant-anaconda/.loci/issues/001-secondary-workspaces-first-class/artifacts/20260819T224733Z-final/run-root/repository", "event": "command", "returncode": 0, "stderr": "Created 1 bookmarks pointing to mklouoln bf295b4a base | base\n", "stdout": ""}
{"argv": ["jj", "new", "base", "-m", "side A"], "cwd": "/home/andrew/.paseo/worktrees/39ifwuy3/hesitant-anaconda/.loci/issues/001-secondary-workspaces-first-class/artifacts/20260819T224733Z-final/run-root/repository", "event": "command", "returncode": 0, "stderr": "Working copy  (@) now at: szwttsvy 784b276d (empty) side A\nParent commit (@-)      : mklouoln bf295b4a base | base\n", "stdout": ""}
{"argv": ["jj", "bookmark", "create", "sideA", "-r", "@"], "cwd": "/home/andrew/.paseo/worktrees/39ifwuy3/hesitant-anaconda/.loci/issues/001-secondary-workspaces-first-class/artifacts/20260819T224733Z-final/run-root/repository", "event": "command", "returncode": 0, "stderr": "Created 1 bookmarks pointing to szwttsvy badbd0d9 sideA | side A\n", "stdout": ""}
{"argv": ["jj", "new", "base", "-m", "side B"], "cwd": "/home/andrew/.paseo/worktrees/39ifwuy3/hesitant-anaconda/.loci/issues/001-secondary-workspaces-first-class/artifacts/20260819T224733Z-final/run-root/repository", "event": "command", "returncode": 0, "stderr": "Working copy  (@) now at: wqvnxvwl b4e3f111 (empty) side B\nParent commit (@-)      : mklouoln bf295b4a base | base\nAdded 0 files, modified 1 files, removed 1 files\n", "stdout": ""}
{"argv": ["jj", "bookmark", "create", "sideB", "-r", "@"], "cwd": "/home/andrew/.paseo/worktrees/39ifwuy3/hesitant-anaconda/.loci/issues/001-secondary-workspaces-first-class/artifacts/20260819T224733Z-final/run-root/repository", "event": "command", "returncode": 0, "stderr": "Created 1 bookmarks pointing to wqvnxvwl 59dcc346 sideB | side B\n", "stdout": ""}
{"argv": ["jj", "new", "sideA", "sideB", "-m", "source merge"], "cwd": "/home/andrew/.paseo/worktrees/39ifwuy3/hesitant-anaconda/.loci/issues/001-secondary-workspaces-first-class/artifacts/20260819T224733Z-final/run-root/repository", "event": "command", "returncode": 0, "stderr": "Working copy  (@) now at: xnyuzppp da020d07 (conflict) (empty) source merge\nParent commit (@-)      : szwttsvy badbd0d9 sideA | side A\nParent commit (@-)      : wqvnxvwl 59dcc346 sideB | side B\nAdded 1 files, modified 1 files, removed 0 files\nWarning: There are unresolved conflicts at these paths:\nconflict.txt    2-sided conflict\n", "stdout": ""}
{"argv": ["jj", "sparse", "set", "--clear", "--add", "common.txt"], "cwd": "/home/andrew/.paseo/worktrees/39ifwuy3/hesitant-anaconda/.loci/issues/001-secondary-workspaces-first-class/artifacts/20260819T224733Z-final/run-root/repository", "event": "command", "returncode": 0, "stderr": "Added 0 files, modified 0 files, removed 3 files\n", "stdout": ""}
{"argv": ["jj", "log", "-r", "default@", "--no-graph", "-T", "parents.map(|c| c.commit_id()).join(\",\")"], "cwd": "/home/andrew/.paseo/worktrees/39ifwuy3/hesitant-anaconda/.loci/issues/001-secondary-workspaces-first-class/artifacts/20260819T224733Z-final/run-root/repository", "event": "command", "returncode": 0, "stderr": "", "stdout": "badbd0d9354126208665a399316a55f4ee119067,59dcc3462a5b7837d05c048c6186c3ebd1402708"}
{"argv": ["jj", "op", "log", "--no-graph", "-T", "id ++ \"\\n\""], "cwd": "/home/andrew/.paseo/worktrees/39ifwuy3/hesitant-anaconda/.loci/issues/001-secondary-workspaces-first-class/artifacts/20260819T224733Z-final/run-root/repository", "event": "command", "returncode": 0, "stderr": "", "stdout": "11b2c3d5bd51215ccc5ec317f7cdd19fb9e38d4a91fa1e71eaf375b02825f62a42472382f38109400222a0ba83aff1d8f0a3c8469121ec1649598230d0deff88\n67290054e5d0796e1e7e54089eef806c36b8f51987e57fac2eb2e9db95e7cc79314012cae2b368b274c62961e5c1885a295c1d33588fb06193a8138e27b3a670\n1aa5262959a0f6abc67ce91d81ba047e9346233bf281abaf1cc0095fc9a0b306ab24af0e1af8b29d5411ea59daf27fb0cfd869e143764b83ad299e01eba8c9c4\n71740d8792bbb8a6ed0aeb3cfb4559d93d75e3e3250c940f58648bed449d3d8e92bbce3095a0b15ca728e3ba7c07f3547a23f8b3322e4449f9752bf3ac36b469\n5e7bda446b9b816d41f57ee90c826dbb6a3434067438b650c4f8a0227d53ba22052a1e2e8f6e8e51f8888aeaa0192c2a53f37fdf60e26255aeba829cf8f0303e\n73be278cf159dee5b2a5ae261923b442d0a933c1cb372b16572edb1067ebaffe94dd892b7dfe826da5daf8a4e9de0fb9db05dc7f5a12561fc902b10d403c11ab\n64f742a1ac9fbbfb1caf84af2773abf035053b2654a32571bcf1d56e8fda7edad700a09126c20828c6eb66d1cf988f39061987bc5ed9e7bc675cf2cd99fef200\n63ba87dc03d0cf5c3bd9b63bc63c1c393395e8cdb4c60bc6aea09c8ebcd970a7af75330c989b02adb8fc31e02e972d34586b9d1e202bed6b11cfcebbaa09667a\nfd0198a7bec0c41cf5a4056ee7ef124df178a190a9ed51d0fa856a17fac43da09bcda093e22f9c78b5c559f1f6e6e4cc3921eb662c6089a11348c0413eab070c\ndbea634cea49f2aa8b99d00e80173f73b960011bb64b90ebafab5707fa529edceff6870aabde5b68e4ae3bb1bc4f2724d9857a3639725af5cce725c3acec8b53\naf4ac5fa21b2f33ee60244687915ccef27c3fef85d2792bb4584c412f05afd31938429aab63831d0e25d17cac084f126e041eb6445dd041b6bbc2f19be1208d5\n00000000000000000000000000000000000000000000000000000000000000000000000000000000000000000000000000000000000000000000000000000000\n"}
{"argv": ["jj", "op", "log", "--no-graph", "-T", "id ++ \"\\n\""], "cwd": "/home/andrew/.paseo/worktrees/39ifwuy3/hesitant-anaconda/.loci/issues/001-secondary-workspaces-first-class/artifacts/20260819T224733Z-final/run-root/repository", "event": "command", "returncode": 0, "stderr": "", "stdout": "092a61cd9731427c592af9959076093d81e38e4d14dc97db7a9574459ca4d31327ff3eed27f2944627e36ac1980b1e82a303cf37e02391b48c74c6884c577198\ne3b3fb7797a530a5e2cfbd1d39d6c23470faa8e78ac54cf8c14bb147795615ad5245b50e127b3658cafe09e9fbd429399848b8f3a18e3e8c05253eb38d1ef112\n11b2c3d5bd51215ccc5ec317f7cdd19fb9e38d4a91fa1e71eaf375b02825f62a42472382f38109400222a0ba83aff1d8f0a3c8469121ec1649598230d0deff88\n67290054e5d0796e1e7e54089eef806c36b8f51987e57fac2eb2e9db95e7cc79314012cae2b368b274c62961e5c1885a295c1d33588fb06193a8138e27b3a670\n1aa5262959a0f6abc67ce91d81ba047e9346233bf281abaf1cc0095fc9a0b306ab24af0e1af8b29d5411ea59daf27fb0cfd869e143764b83ad299e01eba8c9c4\n71740d8792bbb8a6ed0aeb3cfb4559d93d75e3e3250c940f58648bed449d3d8e92bbce3095a0b15ca728e3ba7c07f3547a23f8b3322e4449f9752bf3ac36b469\n5e7bda446b9b816d41f57ee90c826dbb6a3434067438b650c4f8a0227d53ba22052a1e2e8f6e8e51f8888aeaa0192c2a53f37fdf60e26255aeba829cf8f0303e\n73be278cf159dee5b2a5ae261923b442d0a933c1cb372b16572edb1067ebaffe94dd892b7dfe826da5daf8a4e9de0fb9db05dc7f5a12561fc902b10d403c11ab\n64f742a1ac9fbbfb1caf84af2773abf035053b2654a32571bcf1d56e8fda7edad700a09126c20828c6eb66d1cf988f39061987bc5ed9e7bc675cf2cd99fef200\n63ba87dc03d0cf5c3bd9b63bc63c1c393395e8cdb4c60bc6aea09c8ebcd970a7af75330c989b02adb8fc31e02e972d34586b9d1e202bed6b11cfcebbaa09667a\nfd0198a7bec0c41cf5a4056ee7ef124df178a190a9ed51d0fa856a17fac43da09bcda093e22f9c78b5c559f1f6e6e4cc3921eb662c6089a11348c0413eab070c\ndbea634cea49f2aa8b99d00e80173f73b960011bb64b90ebafab5707fa529edceff6870aabde5b68e4ae3bb1bc4f2724d9857a3639725af5cce725c3acec8b53\naf4ac5fa21b2f33ee60244687915ccef27c3fef85d2792bb4584c412f05afd31938429aab63831d0e25d17cac084f126e041eb6445dd041b6bbc2f19be1208d5\n00000000000000000000000000000000000000000000000000000000000000000000000000000000000000000000000000000000000000000000000000000000\n"}
{"event": "assertion", "name": "workspace add operation count", "status": "passed", "value": 14}
{"argv": ["jj", "op", "log", "--no-graph", "--limit", "2", "-T", "description ++ \"\\n\""], "cwd": "/home/andrew/.paseo/worktrees/39ifwuy3/hesitant-anaconda/.loci/issues/001-secondary-workspaces-first-class/artifacts/20260819T224733Z-final/run-root/repository", "event": "command", "returncode": 0, "stderr": "", "stdout": "create initial working-copy commit in workspace py-default\nadd workspace 'py-default'\n"}
{"event": "assertion", "name": "workspace add operation descriptions", "status": "passed", "value": ["create initial working-copy commit in workspace py-default", "add workspace 'py-default'"]}
{"argv": ["jj", "workspace", "add", "--name", "cli-default", "/home/andrew/.paseo/worktrees/39ifwuy3/hesitant-anaconda/.loci/issues/001-secondary-workspaces-first-class/artifacts/20260819T224733Z-final/run-root/cli-default"], "cwd": "/home/andrew/.paseo/worktrees/39ifwuy3/hesitant-anaconda/.loci/issues/001-secondary-workspaces-first-class/artifacts/20260819T224733Z-final/run-root/repository", "event": "command", "returncode": 0, "stderr": "Created workspace in \"../cli-default\"\nWorking copy  (@) now at: yvwqmtux cbb76d47 (conflict) (empty) (no description set)\nParent commit (@-)      : szwttsvy badbd0d9 sideA | side A\nParent commit (@-)      : wqvnxvwl 59dcc346 sideB | side B\nAdded 1 files, modified 0 files, removed 0 files\nWarning: There are unresolved conflicts at these paths:\n../cli-default/conflict.txt    2-sided conflict\n", "stdout": ""}
{"event": "assertion", "name": "default Pyjutsu parents", "status": "passed", "value": ["badbd0d9354126208665a399316a55f4ee119067", "59dcc3462a5b7837d05c048c6186c3ebd1402708"]}
{"event": "assertion", "name": "default CLI parents", "status": "passed", "value": ["badbd0d9354126208665a399316a55f4ee119067", "59dcc3462a5b7837d05c048c6186c3ebd1402708"]}
{"event": "assertion", "name": "default merged tree", "status": "passed", "value": "338b79072c5952c5b20f6606e06763be1b99ee3cad4fd6f78c093cbcefb0cdf1aa343ad8eb2773e6a3e712d9247cae03d501bdf5b774259b5dfa7d41"}
{"event": "assertion", "name": "default conflict state", "status": "passed", "value": true}
{"event": "assertion", "name": "default sparse copy files", "status": "passed", "value": [".jj", "common.txt"]}
{"argv": ["jj", "workspace", "add", "--name", "cli-explicit", "-r", "mklouolnxrrkqvqmwqqryussqlouqqnp", "--sparse-patterns", "full", "/home/andrew/.paseo/worktrees/39ifwuy3/hesitant-anaconda/.loci/issues/001-secondary-workspaces-first-class/artifacts/20260819T224733Z-final/run-root/cli-explicit"], "cwd": "/home/andrew/.paseo/worktrees/39ifwuy3/hesitant-anaconda/.loci/issues/001-secondary-workspaces-first-class/artifacts/20260819T224733Z-final/run-root/repository", "event": "command", "returncode": 0, "stderr": "Created workspace in \"../cli-explicit\"\nWorking copy  (@) now at: pkkpovxu 622561ae (empty) (no description set)\nParent commit (@-)      : mklouoln bf295b4a base | base\nAdded 2 files, modified 0 files, removed 0 files\n", "stdout": ""}
{"event": "assertion", "name": "stable change ID parent", "status": "passed", "value": ["bf295b4a90fc0e4d512ac630c311b5ab16680f18"]}
{"event": "assertion", "name": "explicit CLI parent", "status": "passed", "value": ["bf295b4a90fc0e4d512ac630c311b5ab16680f18"]}
{"event": "assertion", "name": "explicit working-copy tree", "status": "passed", "value": "92540917c0db55aad6efb7bcd4bca8ce80251d7b"}
{"event": "assertion", "name": "explicit commit is empty", "status": "passed", "value": true}
{"event": "assertion", "name": "explicit checkout common file", "status": "passed"}
{"event": "assertion", "name": "explicit checkout baseline file", "status": "passed"}
{"event": "assertion", "name": "typed Revset parent", "status": "passed", "value": ["bf295b4a90fc0e4d512ac630c311b5ab16680f18"]}
{"argv": ["jj", "workspace", "add", "--name", "cli-merge", "-r", "sideA", "-r", "sideB", "--sparse-patterns", "full", "/home/andrew/.paseo/worktrees/39ifwuy3/hesitant-anaconda/.loci/issues/001-secondary-workspaces-first-class/artifacts/20260819T224733Z-final/run-root/cli-merge"], "cwd": "/home/andrew/.paseo/worktrees/39ifwuy3/hesitant-anaconda/.loci/issues/001-secondary-workspaces-first-class/artifacts/20260819T224733Z-final/run-root/repository", "event": "command", "returncode": 0, "stderr": "Created workspace in \"../cli-merge\"\nWorking copy  (@) now at: nlqlnnwm 9f8cf837 (conflict) (empty) (no description set)\nParent commit (@-)      : szwttsvy badbd0d9 sideA | side A\nParent commit (@-)      : wqvnxvwl 59dcc346 sideB | side B\nAdded 4 files, modified 0 files, removed 0 files\nWarning: There are unresolved conflicts at these paths:\n../cli-merge/conflict.txt    2-sided conflict\n", "stdout": ""}
{"event": "assertion", "name": "multi-parent topology", "status": "passed", "value": ["59dcc3462a5b7837d05c048c6186c3ebd1402708", "badbd0d9354126208665a399316a55f4ee119067"]}
{"event": "assertion", "name": "multi-parent CLI topology", "status": "passed", "value": ["59dcc3462a5b7837d05c048c6186c3ebd1402708", "badbd0d9354126208665a399316a55f4ee119067"]}
{"event": "assertion", "name": "multi-parent merged tree", "status": "passed", "value": "338b79072c5952c5b20f6606e06763be1b99ee3cad4fd6f78c093cbcefb0cdf1aa343ad8eb2773e6a3e712d9247cae03d501bdf5b774259b5dfa7d41"}
{"event": "assertion", "name": "multi-parent conflict state", "status": "passed", "value": true}
{"event": "assertion", "name": "multi-parent conflicts", "status": "passed", "value": [["conflict.txt", 2, 1]]}
{"event": "assertion", "name": "multi-parent A-only checkout", "status": "passed"}
{"event": "assertion", "name": "multi-parent B-only checkout", "status": "passed"}
{"event": "assertion", "name": "multi-parent conflict checkout", "status": "passed"}
{"event": "assertion", "name": "empty sparse checkout", "status": "passed", "value": [".jj"]}
{"error_type": "RevsetError", "event": "expected_error", "message": " --> 1:6\n  |\n1 | this is not a revset (\n  |      ^---\n  |\n  = expected <EOI>, `|`, `&`, or `~`", "name": "invalid"}
{"event": "assertion", "name": "invalid destination absent", "status": "passed", "value": false}
{"error_type": "RevsetError", "event": "expected_error", "message": "revset 'none()' resolved to 0 revisions, expected exactly 1", "name": "empty"}
{"event": "assertion", "name": "empty destination absent", "status": "passed", "value": false}
{"error_type": "RevsetError", "event": "expected_error", "message": "revset 'all()' resolved to 13 revisions, expected exactly 1", "name": "multiple"}
{"event": "assertion", "name": "multiple destination absent", "status": "passed", "value": false}
{"error_type": "PyjutsuError", "event": "expected_error", "message": "workspace named 'py-explicit' already exists", "name": "duplicate"}
{"event": "assertion", "name": "duplicate destination absent", "status": "passed", "value": false}
{"error_type": "PyjutsuError", "event": "expected_error", "message": "destination path exists and is not an empty directory", "name": "nonempty"}
{"event": "assertion", "name": "non-empty destination preserved", "status": "passed", "value": "keep\n"}
{"argv": ["jj", "new", "root()"], "cwd": "/home/andrew/.paseo/worktrees/39ifwuy3/hesitant-anaconda/.loci/issues/001-secondary-workspaces-first-class/artifacts/20260819T224733Z-final/run-root/cli-explicit", "event": "command", "returncode": 0, "stderr": "Working copy  (@) now at: qmmsssmk 4dda55f6 (empty) (no description set)\nParent commit (@-)      : zzzzzzzz 00000000 (empty) (no description set)\nAdded 0 files, modified 0 files, removed 2 files\n", "stdout": ""}
{"argv": ["jj", "log", "-r", "@", "--no-graph", "-T", "author.name()"], "cwd": "/home/andrew/.paseo/worktrees/39ifwuy3/hesitant-anaconda/.loci/issues/001-secondary-workspaces-first-class/artifacts/20260819T224733Z-final/run-root/cli-explicit", "event": "command", "returncode": 0, "stderr": "", "stdout": "Live Repository Author"}
{"argv": ["jj", "log", "-r", "@", "--no-graph", "-T", "author.email()"], "cwd": "/home/andrew/.paseo/worktrees/39ifwuy3/hesitant-anaconda/.loci/issues/001-secondary-workspaces-first-class/artifacts/20260819T224733Z-final/run-root/cli-explicit", "event": "command", "returncode": 0, "stderr": "", "stdout": "repository@live.invalid"}
{"event": "assertion", "name": "primary repository identity", "status": "passed", "value": ["Live Repository Author", "repository@live.invalid"]}
{"event": "assertion", "name": "secondary repository identity", "status": "passed", "value": ["Live Repository Author", "repository@live.invalid"]}
{"event": "assertion", "name": "CLI repository identity", "status": "passed", "value": ["Live Repository Author", "repository@live.invalid"]}
{"argv": ["jj", "config", "set", "--workspace", "user.name", "Live Workspace Author"], "cwd": "/home/andrew/.paseo/worktrees/39ifwuy3/hesitant-anaconda/.loci/issues/001-secondary-workspaces-first-class/artifacts/20260819T224733Z-final/run-root/py-explicit", "event": "command", "returncode": 0, "stderr": "Warning: This setting will only impact future commits.\nThe author of the working copy will stay \"Live Repository Author <repository@live.invalid>\".\nTo change the working copy author, use \"jj metaedit --update-author\"\n", "stdout": ""}
{"event": "assertion", "name": "workspace configuration override", "status": "passed", "value": ["Live Workspace Author", "repository@live.invalid"]}
{"event": "assertion", "name": "workspace configuration remains distinct", "status": "passed", "value": ["Live Repository Author", "repository@live.invalid"]}
{"argv": ["jj", "config", "path", "--repo"], "cwd": "/home/andrew/.paseo/worktrees/39ifwuy3/hesitant-anaconda/.loci/issues/001-secondary-workspaces-first-class/artifacts/20260819T224733Z-final/run-root/repository", "event": "command", "returncode": 0, "stderr": "", "stdout": "/home/andrew/.paseo/worktrees/39ifwuy3/hesitant-anaconda/.loci/issues/001-secondary-workspaces-first-class/artifacts/20260819T224733Z-final/run-root/config/jj/repos/3bff032aaaa84d035b7f/config.toml\n"}
{"argv": ["jj", "new", "root()"], "cwd": "/home/andrew/.paseo/worktrees/39ifwuy3/hesitant-anaconda/.loci/issues/001-secondary-workspaces-first-class/artifacts/20260819T224733Z-final/run-root/conditional", "event": "command", "returncode": 0, "stderr": "Working copy  (@) now at: wkmkxwsn f14eef88 (empty) (no description set)\nParent commit (@-)      : zzzzzzzz 00000000 (empty) (no description set)\n", "stdout": ""}
{"argv": ["jj", "log", "-r", "@", "--no-graph", "-T", "author.name()"], "cwd": "/home/andrew/.paseo/worktrees/39ifwuy3/hesitant-anaconda/.loci/issues/001-secondary-workspaces-first-class/artifacts/20260819T224733Z-final/run-root/conditional", "event": "command", "returncode": 0, "stderr": "", "stdout": "Conditional Repository Author"}
{"argv": ["jj", "log", "-r", "@", "--no-graph", "-T", "author.email()"], "cwd": "/home/andrew/.paseo/worktrees/39ifwuy3/hesitant-anaconda/.loci/issues/001-secondary-workspaces-first-class/artifacts/20260819T224733Z-final/run-root/conditional", "event": "command", "returncode": 0, "stderr": "", "stdout": "conditional@live.invalid"}
{"event": "assertion", "name": "repository path condition", "status": "passed", "value": ["Conditional Repository Author", "repository@live.invalid"]}
{"event": "assertion", "name": "workspace path condition", "status": "passed", "value": ["Conditional Repository Author", "conditional@live.invalid"]}
{"event": "assertion", "name": "CLI conditional identity", "status": "passed", "value": ["Conditional Repository Author", "conditional@live.invalid"]}
{"event": "assertion", "name": "environment override precedence", "status": "passed", "value": ["Environment Author", "environment@live.invalid"]}
{"argv": ["jj", "git", "init", "--colocate"], "cwd": "/home/andrew/.paseo/worktrees/39ifwuy3/hesitant-anaconda/.loci/issues/001-secondary-workspaces-first-class/artifacts/20260819T224733Z-final/run-root/clean-repository", "event": "command", "returncode": 0, "stderr": "Initialized repo in \".\"\n", "stdout": ""}
{"event": "assertion", "name": "normal load repo config ID absent", "status": "passed", "value": false}
{"event": "assertion", "name": "normal load workspace config ID absent", "status": "passed", "value": false}
{"event": "assertion", "name": "normal load secure repo directory absent", "status": "passed", "value": false}
{"event": "assertion", "name": "normal load secure workspace directory absent", "status": "passed", "value": false}
{"argv": ["jj", "git", "init", "--colocate"], "cwd": "/home/andrew/.paseo/worktrees/39ifwuy3/hesitant-anaconda/.loci/issues/001-secondary-workspaces-first-class/artifacts/20260819T224733Z-final/run-root/migration-repository", "event": "command", "returncode": 0, "stderr": "Initialized repo in \".\"\n", "stdout": ""}
{"event": "assertion", "name": "secure migration warning emitted", "status": "passed"}
{"event": "assertion", "name": "migrated configuration authors commits", "status": "passed", "value": ["Migrated Author", "migrated@live.invalid"]}
{"event": "result", "status": "passed"}
