{"event": "environment", "jj": "jj 0.42.0", "python": "3.13.13 (main, Apr  7 2026, 18:19:01) [GCC 14.3.0]", "run_root": "/home/andrew/.paseo/worktrees/39ifwuy3/hesitant-anaconda/.loci/issues/001-secondary-workspaces-first-class/artifacts/20260819T224136Z-live-run/run-root"}
{"argv": ["jj", "git", "init", "--colocate"], "cwd": "/home/andrew/.paseo/worktrees/39ifwuy3/hesitant-anaconda/.loci/issues/001-secondary-workspaces-first-class/artifacts/20260819T224136Z-live-run/run-root/repository", "event": "command", "returncode": 0, "stderr": "Initialized repo in \".\"\n", "stdout": ""}
{"argv": ["jj", "config", "set", "--repo", "user.name", "Live Repository Author"], "cwd": "/home/andrew/.paseo/worktrees/39ifwuy3/hesitant-anaconda/.loci/issues/001-secondary-workspaces-first-class/artifacts/20260819T224136Z-live-run/run-root/repository", "event": "command", "returncode": 0, "stderr": "Warning: This setting will only impact future commits.\nThe author of the working copy will stay \" <>\".\nTo change the working copy author, use \"jj metaedit --update-author\"\n", "stdout": ""}
{"argv": ["jj", "config", "set", "--repo", "user.email", "repository@live.invalid"], "cwd": "/home/andrew/.paseo/worktrees/39ifwuy3/hesitant-anaconda/.loci/issues/001-secondary-workspaces-first-class/artifacts/20260819T224136Z-live-run/run-root/repository", "event": "command", "returncode": 0, "stderr": "Warning: This setting will only impact future commits.\nThe author of the working copy will stay \" <>\".\nTo change the working copy author, use \"jj metaedit --update-author\"\n", "stdout": ""}
{"argv": ["jj", "describe", "-m", "base"], "cwd": "/home/andrew/.paseo/worktrees/39ifwuy3/hesitant-anaconda/.loci/issues/001-secondary-workspaces-first-class/artifacts/20260819T224136Z-live-run/run-root/repository", "event": "command", "returncode": 0, "stderr": "Working copy  (@) now at: wntmkolp 93a82797 base\nParent commit (@-)      : zzzzzzzz 00000000 (empty) (no description set)\n", "stdout": ""}
{"argv": ["jj", "bookmark", "create", "base", "-r", "@"], "cwd": "/home/andrew/.paseo/worktrees/39ifwuy3/hesitant-anaconda/.loci/issues/001-secondary-workspaces-first-class/artifacts/20260819T224136Z-live-run/run-root/repository", "event": "command", "returncode": 0, "stderr": "Created 1 bookmarks pointing to wntmkolp 93a82797 base | base\n", "stdout": ""}
{"argv": ["jj", "new", "base", "-m", "side A"], "cwd": "/home/andrew/.paseo/worktrees/39ifwuy3/hesitant-anaconda/.loci/issues/001-secondary-workspaces-first-class/artifacts/20260819T224136Z-live-run/run-root/repository", "event": "command", "returncode": 0, "stderr": "Working copy  (@) now at: opswvzpx 2e3a5149 (empty) side A\nParent commit (@-)      : wntmkolp 93a82797 base | base\n", "stdout": ""}
{"argv": ["jj", "bookmark", "create", "sideA", "-r", "@"], "cwd": "/home/andrew/.paseo/worktrees/39ifwuy3/hesitant-anaconda/.loci/issues/001-secondary-workspaces-first-class/artifacts/20260819T224136Z-live-run/run-root/repository", "event": "command", "returncode": 0, "stderr": "Created 1 bookmarks pointing to opswvzpx 3f533340 sideA | side A\n", "stdout": ""}
{"argv": ["jj", "new", "base", "-m", "side B"], "cwd": "/home/andrew/.paseo/worktrees/39ifwuy3/hesitant-anaconda/.loci/issues/001-secondary-workspaces-first-class/artifacts/20260819T224136Z-live-run/run-root/repository", "event": "command", "returncode": 0, "stderr": "Working copy  (@) now at: zsmyxlyk ee4d0dd5 (empty) side B\nParent commit (@-)      : wntmkolp 93a82797 base | base\nAdded 0 files, modified 1 files, removed 1 files\n", "stdout": ""}
{"argv": ["jj", "bookmark", "create", "sideB", "-r", "@"], "cwd": "/home/andrew/.paseo/worktrees/39ifwuy3/hesitant-anaconda/.loci/issues/001-secondary-workspaces-first-class/artifacts/20260819T224136Z-live-run/run-root/repository", "event": "command", "returncode": 0, "stderr": "Created 1 bookmarks pointing to zsmyxlyk 18711b1f sideB | side B\n", "stdout": ""}
{"argv": ["jj", "new", "sideA", "sideB", "-m", "source merge"], "cwd": "/home/andrew/.paseo/worktrees/39ifwuy3/hesitant-anaconda/.loci/issues/001-secondary-workspaces-first-class/artifacts/20260819T224136Z-live-run/run-root/repository", "event": "command", "returncode": 0, "stderr": "Working copy  (@) now at: otvllnty 52b298cd (conflict) (empty) source merge\nParent commit (@-)      : opswvzpx 3f533340 sideA | side A\nParent commit (@-)      : zsmyxlyk 18711b1f sideB | side B\nAdded 1 files, modified 1 files, removed 0 files\nWarning: There are unresolved conflicts at these paths:\nconflict.txt    2-sided conflict\n", "stdout": ""}
{"argv": ["jj", "sparse", "set", "--clear", "--add", "common.txt"], "cwd": "/home/andrew/.paseo/worktrees/39ifwuy3/hesitant-anaconda/.loci/issues/001-secondary-workspaces-first-class/artifacts/20260819T224136Z-live-run/run-root/repository", "event": "command", "returncode": 0, "stderr": "Added 0 files, modified 0 files, removed 3 files\n", "stdout": ""}
{"argv": ["jj", "log", "-r", "default@", "--no-graph", "-T", "parents.map(|c| c.commit_id()).join(\",\")"], "cwd": "/home/andrew/.paseo/worktrees/39ifwuy3/hesitant-anaconda/.loci/issues/001-secondary-workspaces-first-class/artifacts/20260819T224136Z-live-run/run-root/repository", "event": "command", "returncode": 0, "stderr": "", "stdout": "3f533340e27a8ca5d9f4bccb39eee9630b8c2fc6,18711b1f1efb389baf23bc42cdb43b9da2771394"}
{"argv": ["jj", "op", "log", "--no-graph", "-T", "id ++ \"\\n\""], "cwd": "/home/andrew/.paseo/worktrees/39ifwuy3/hesitant-anaconda/.loci/issues/001-secondary-workspaces-first-class/artifacts/20260819T224136Z-live-run/run-root/repository", "event": "command", "returncode": 0, "stderr": "", "stdout": "47d69eb55a4d3b263e05d663f8275af37400aada1ede677e383fdd8dd32cac5623932efcc8f661bbe60e139b709dc666e5b5725fefe4dd24515783df8ade0ea8\n105df1dd7024b04ca4058f904d4a50e82e8ad390423a50ee3bbe3478c2630d6e6b460c3d89ec1157dd83b64c2fcf3d1c80ee815a2a7b7bd017dbfb14ab8c7602\na94002b3390019131fb4c46d80777649e6145f334c9697d241bd3390094daeb33caafb642a4d65f1d11ffd066300115fbe97d7f0f67c0e915889ce46b543eda0\n8e1e9c56a696e2f7262f0293e72bac43e67be7c41b80fd8ca35cab1ff434caeebe18c4ce07a0d175fe6b234e3af2272049e6166fe57cbae2922c16140e6a2aa4\nef027240eeff6faf4855553dca79cca15ae63857b20de00095f49caabbd39ab5584903f5814bd4906adba1ff75226490550fa527f470933607ddc3e58bfd90b7\ncfa6087fc1c1952d0c981472f4b36e01b5afe557c421279c0141546b6e633eac0d4603f2162f37fb1a7efad584e73c708c7a0541cc9b652f1224b7b1ac1d8cda\nf3964c8a2b52f3cef13fbb72eb6f5da9d6b6b2904b894761eb64c08eee2eb8ae144cfad86ffc4118f316f285ccf1d7b1f6169837de3f87d7938fb56ef3408971\nc10730a3adf55781a47e50f0ad140a80d5471b737ff93b4b4ac6126091e5abfea9e67ea6ee2f777fb6fc5929bcfa3f387b8d701ee078e4173448ed3a5f1440e9\n00cd7e6f51f6f78f1a0405e6f6fd1fac5ff7c6bb7b1ab35317abfcab0cb9644a10838346bf995403ed6a32105d83309726bc52291ed67e7d8382a79d85e4f66d\nfd7a02984f2c0fbdbfc46cc4e0770c77f1c475c939890c64efe21d9438898ad12f324c3bc0a582d9cd7eada70704c25b83c77ec94d8001d8faa0273988bee401\nc06ecc211aa78db0f513bf9d9ff0e5f17b10bf29a7714a1dfc02538c9a6da9d5c5e700f64c4b780459d6111234134e86ce78eb84b2cbb5e6784b0b24016d0189\n00000000000000000000000000000000000000000000000000000000000000000000000000000000000000000000000000000000000000000000000000000000\n"}
{"argv": ["jj", "op", "log", "--no-graph", "-T", "id ++ \"\\n\""], "cwd": "/home/andrew/.paseo/worktrees/39ifwuy3/hesitant-anaconda/.loci/issues/001-secondary-workspaces-first-class/artifacts/20260819T224136Z-live-run/run-root/repository", "event": "command", "returncode": 0, "stderr": "", "stdout": "ca31a7aeecf2ba450a5bf1493ccd8771662f747d3f212e834cb5995c42211271598bdc627e4f2b7c9a5a9cbee796b1d11aa6f7f0cf2bb1261bf47dcab65b547c\n1d1448495a93773eb4d13fe8d1e1ff1f601bd2014a00a39edb4036ad9631634a91115485779a490b2fa69ff37ca2c24121c1103cae8da7c5bbf4081538c67ef8\n47d69eb55a4d3b263e05d663f8275af37400aada1ede677e383fdd8dd32cac5623932efcc8f661bbe60e139b709dc666e5b5725fefe4dd24515783df8ade0ea8\n105df1dd7024b04ca4058f904d4a50e82e8ad390423a50ee3bbe3478c2630d6e6b460c3d89ec1157dd83b64c2fcf3d1c80ee815a2a7b7bd017dbfb14ab8c7602\na94002b3390019131fb4c46d80777649e6145f334c9697d241bd3390094daeb33caafb642a4d65f1d11ffd066300115fbe97d7f0f67c0e915889ce46b543eda0\n8e1e9c56a696e2f7262f0293e72bac43e67be7c41b80fd8ca35cab1ff434caeebe18c4ce07a0d175fe6b234e3af2272049e6166fe57cbae2922c16140e6a2aa4\nef027240eeff6faf4855553dca79cca15ae63857b20de00095f49caabbd39ab5584903f5814bd4906adba1ff75226490550fa527f470933607ddc3e58bfd90b7\ncfa6087fc1c1952d0c981472f4b36e01b5afe557c421279c0141546b6e633eac0d4603f2162f37fb1a7efad584e73c708c7a0541cc9b652f1224b7b1ac1d8cda\nf3964c8a2b52f3cef13fbb72eb6f5da9d6b6b2904b894761eb64c08eee2eb8ae144cfad86ffc4118f316f285ccf1d7b1f6169837de3f87d7938fb56ef3408971\nc10730a3adf55781a47e50f0ad140a80d5471b737ff93b4b4ac6126091e5abfea9e67ea6ee2f777fb6fc5929bcfa3f387b8d701ee078e4173448ed3a5f1440e9\n00cd7e6f51f6f78f1a0405e6f6fd1fac5ff7c6bb7b1ab35317abfcab0cb9644a10838346bf995403ed6a32105d83309726bc52291ed67e7d8382a79d85e4f66d\nfd7a02984f2c0fbdbfc46cc4e0770c77f1c475c939890c64efe21d9438898ad12f324c3bc0a582d9cd7eada70704c25b83c77ec94d8001d8faa0273988bee401\nc06ecc211aa78db0f513bf9d9ff0e5f17b10bf29a7714a1dfc02538c9a6da9d5c5e700f64c4b780459d6111234134e86ce78eb84b2cbb5e6784b0b24016d0189\n00000000000000000000000000000000000000000000000000000000000000000000000000000000000000000000000000000000000000000000000000000000\n"}
{"event": "assertion", "name": "workspace add operation count", "status": "passed", "value": 14}
{"argv": ["jj", "op", "log", "--no-graph", "--limit", "2", "-T", "description ++ \"\\n\""], "cwd": "/home/andrew/.paseo/worktrees/39ifwuy3/hesitant-anaconda/.loci/issues/001-secondary-workspaces-first-class/artifacts/20260819T224136Z-live-run/run-root/repository", "event": "command", "returncode": 0, "stderr": "", "stdout": "create initial working-copy commit in workspace py-default\nadd workspace 'py-default'\n"}
{"event": "assertion", "name": "workspace add operation descriptions", "status": "passed", "value": ["create initial working-copy commit in workspace py-default", "add workspace 'py-default'"]}
{"argv": ["jj", "workspace", "add", "--name", "cli-default", "/home/andrew/.paseo/worktrees/39ifwuy3/hesitant-anaconda/.loci/issues/001-secondary-workspaces-first-class/artifacts/20260819T224136Z-live-run/run-root/cli-default"], "cwd": "/home/andrew/.paseo/worktrees/39ifwuy3/hesitant-anaconda/.loci/issues/001-secondary-workspaces-first-class/artifacts/20260819T224136Z-live-run/run-root/repository", "event": "command", "returncode": 0, "stderr": "Created workspace in \"../cli-default\"\nWorking copy  (@) now at: nqsosztu 1405e7fd (conflict) (empty) (no description set)\nParent commit (@-)      : opswvzpx 3f533340 sideA | side A\nParent commit (@-)      : zsmyxlyk 18711b1f sideB | side B\nAdded 1 files, modified 0 files, removed 0 files\nWarning: There are unresolved conflicts at these paths:\n../cli-default/conflict.txt    2-sided conflict\n", "stdout": ""}
{"event": "assertion", "name": "default Pyjutsu parents", "status": "passed", "value": ["3f533340e27a8ca5d9f4bccb39eee9630b8c2fc6", "18711b1f1efb389baf23bc42cdb43b9da2771394"]}
{"event": "assertion", "name": "default CLI parents", "status": "passed", "value": ["3f533340e27a8ca5d9f4bccb39eee9630b8c2fc6", "18711b1f1efb389baf23bc42cdb43b9da2771394"]}
{"event": "assertion", "name": "default merged tree", "status": "passed", "value": "338b79072c5952c5b20f6606e06763be1b99ee3cad4fd6f78c093cbcefb0cdf1aa343ad8eb2773e6a3e712d9247cae03d501bdf5b774259b5dfa7d41"}
{"event": "assertion", "name": "default conflict state", "status": "passed", "value": true}
{"event": "assertion", "name": "default sparse copy files", "status": "passed", "value": [".jj", "common.txt"]}
{"argv": ["jj", "workspace", "add", "--name", "cli-explicit", "-r", "wntmkolpyuptxqrqtsozwsvzsprwpyms", "--sparse-patterns", "full", "/home/andrew/.paseo/worktrees/39ifwuy3/hesitant-anaconda/.loci/issues/001-secondary-workspaces-first-class/artifacts/20260819T224136Z-live-run/run-root/cli-explicit"], "cwd": "/home/andrew/.paseo/worktrees/39ifwuy3/hesitant-anaconda/.loci/issues/001-secondary-workspaces-first-class/artifacts/20260819T224136Z-live-run/run-root/repository", "event": "command", "returncode": 0, "stderr": "Created workspace in \"../cli-explicit\"\nWorking copy  (@) now at: ntlwtnpw dcf75326 (empty) (no description set)\nParent commit (@-)      : wntmkolp 93a82797 base | base\nAdded 2 files, modified 0 files, removed 0 files\n", "stdout": ""}
{"event": "assertion", "name": "stable change ID parent", "status": "passed", "value": ["93a8279707a5c080a691e37f4caad8707f5cf480"]}
{"event": "assertion", "name": "explicit CLI parent", "status": "passed", "value": ["93a8279707a5c080a691e37f4caad8707f5cf480"]}
{"event": "assertion", "name": "explicit working-copy tree", "status": "passed", "value": "92540917c0db55aad6efb7bcd4bca8ce80251d7b"}
{"event": "assertion", "name": "explicit commit is empty", "status": "passed", "value": true}
{"event": "assertion", "name": "explicit checkout common file", "status": "passed"}
{"event": "assertion", "name": "explicit checkout baseline file", "status": "passed"}
{"event": "assertion", "name": "typed Revset parent", "status": "passed", "value": ["93a8279707a5c080a691e37f4caad8707f5cf480"]}
{"argv": ["jj", "workspace", "add", "--name", "cli-merge", "-r", "sideA", "-r", "sideB", "--sparse-patterns", "full", "/home/andrew/.paseo/worktrees/39ifwuy3/hesitant-anaconda/.loci/issues/001-secondary-workspaces-first-class/artifacts/20260819T224136Z-live-run/run-root/cli-merge"], "cwd": "/home/andrew/.paseo/worktrees/39ifwuy3/hesitant-anaconda/.loci/issues/001-secondary-workspaces-first-class/artifacts/20260819T224136Z-live-run/run-root/repository", "event": "command", "returncode": 0, "stderr": "Created workspace in \"../cli-merge\"\nWorking copy  (@) now at: wkomwyql 2fe40611 (conflict) (empty) (no description set)\nParent commit (@-)      : opswvzpx 3f533340 sideA | side A\nParent commit (@-)      : zsmyxlyk 18711b1f sideB | side B\nAdded 4 files, modified 0 files, removed 0 files\nWarning: There are unresolved conflicts at these paths:\n../cli-merge/conflict.txt    2-sided conflict\n", "stdout": ""}
{"event": "assertion", "name": "multi-parent topology", "status": "passed", "value": ["18711b1f1efb389baf23bc42cdb43b9da2771394", "3f533340e27a8ca5d9f4bccb39eee9630b8c2fc6"]}
{"event": "assertion", "name": "multi-parent CLI topology", "status": "passed", "value": ["18711b1f1efb389baf23bc42cdb43b9da2771394", "3f533340e27a8ca5d9f4bccb39eee9630b8c2fc6"]}
{"event": "assertion", "name": "multi-parent merged tree", "status": "passed", "value": "338b79072c5952c5b20f6606e06763be1b99ee3cad4fd6f78c093cbcefb0cdf1aa343ad8eb2773e6a3e712d9247cae03d501bdf5b774259b5dfa7d41"}
{"event": "assertion", "name": "multi-parent conflict state", "status": "passed", "value": true}
{"event": "assertion", "name": "multi-parent conflicts", "status": "passed", "value": [["conflict.txt", 2, 1]]}
{"event": "assertion", "name": "multi-parent A-only checkout", "status": "passed"}
{"event": "assertion", "name": "multi-parent B-only checkout", "status": "passed"}
{"event": "assertion", "name": "multi-parent conflict checkout", "status": "passed"}
{"event": "assertion", "name": "empty sparse checkout", "status": "passed", "value": [".jj"]}
{"error_type": "RevsetError", "event": "expected_error", "message": " --> 1:6\n  |\n1 | this is not a revset (\n  |      ^---\n  |\n  = expected <EOI>, `|`, `&`, or `~`", "name": "invalid"}
{"event": "assertion", "name": "invalid destination absent", "status": "passed", "value": false}
{"error_type": "RevsetError", "event": "expected_error", "message": "revset 'none()' resolved to 0 revisions, expected exactly 1", "name": "empty"}
{"event": "assertion", "name": "empty destination absent", "status": "passed", "value": false}
{"error_type": "RevsetError", "event": "expected_error", "message": "revset 'all()' resolved to 13 revisions, expected exactly 1", "name": "multiple"}
{"event": "assertion", "name": "multiple destination absent", "status": "passed", "value": false}
{"error_type": "PyjutsuError", "event": "expected_error", "message": "workspace named 'py-explicit' already exists", "name": "duplicate"}
{"event": "assertion", "name": "duplicate destination absent", "status": "passed", "value": false}
{"error_type": "PyjutsuError", "event": "expected_error", "message": "destination path exists and is not an empty directory", "name": "nonempty"}
{"event": "assertion", "name": "non-empty destination preserved", "status": "passed", "value": "keep\n"}
{"argv": ["jj", "new", "root()"], "cwd": "/home/andrew/.paseo/worktrees/39ifwuy3/hesitant-anaconda/.loci/issues/001-secondary-workspaces-first-class/artifacts/20260819T224136Z-live-run/run-root/cli-explicit", "event": "command", "returncode": 0, "stderr": "Working copy  (@) now at: srwxvwmp dec7f94a (empty) (no description set)\nParent commit (@-)      : zzzzzzzz 00000000 (empty) (no description set)\nAdded 0 files, modified 0 files, removed 2 files\n", "stdout": ""}
{"argv": ["jj", "log", "-r", "@", "--no-graph", "-T", "author.name()"], "cwd": "/home/andrew/.paseo/worktrees/39ifwuy3/hesitant-anaconda/.loci/issues/001-secondary-workspaces-first-class/artifacts/20260819T224136Z-live-run/run-root/cli-explicit", "event": "command", "returncode": 0, "stderr": "", "stdout": "Live Repository Author"}
{"argv": ["jj", "log", "-r", "@", "--no-graph", "-T", "author.email()"], "cwd": "/home/andrew/.paseo/worktrees/39ifwuy3/hesitant-anaconda/.loci/issues/001-secondary-workspaces-first-class/artifacts/20260819T224136Z-live-run/run-root/cli-explicit", "event": "command", "returncode": 0, "stderr": "", "stdout": "repository@live.invalid"}
{"event": "assertion", "name": "primary repository identity", "status": "passed", "value": ["Live Repository Author", "repository@live.invalid"]}
{"event": "assertion", "name": "secondary repository identity", "status": "passed", "value": ["Live Repository Author", "repository@live.invalid"]}
{"event": "assertion", "name": "CLI repository identity", "status": "passed", "value": ["Live Repository Author", "repository@live.invalid"]}
{"argv": ["jj", "config", "set", "--workspace", "user.name", "Live Workspace Author"], "cwd": "/home/andrew/.paseo/worktrees/39ifwuy3/hesitant-anaconda/.loci/issues/001-secondary-workspaces-first-class/artifacts/20260819T224136Z-live-run/run-root/py-explicit", "event": "command", "returncode": 0, "stderr": "Warning: This setting will only impact future commits.\nThe author of the working copy will stay \"Live Repository Author <repository@live.invalid>\".\nTo change the working copy author, use \"jj metaedit --update-author\"\n", "stdout": ""}
{"event": "assertion", "name": "workspace configuration override", "status": "passed", "value": ["Live Workspace Author", "repository@live.invalid"]}
{"event": "assertion", "name": "workspace configuration remains distinct", "status": "passed", "value": ["Live Repository Author", "repository@live.invalid"]}
{"argv": ["jj", "config", "path", "--repo"], "cwd": "/home/andrew/.paseo/worktrees/39ifwuy3/hesitant-anaconda/.loci/issues/001-secondary-workspaces-first-class/artifacts/20260819T224136Z-live-run/run-root/repository", "event": "command", "returncode": 0, "stderr": "", "stdout": "/home/andrew/.paseo/worktrees/39ifwuy3/hesitant-anaconda/.loci/issues/001-secondary-workspaces-first-class/artifacts/20260819T224136Z-live-run/run-root/config/jj/repos/c0207fc3713974d510d5/config.toml\n"}
{"argv": ["jj", "new", "root()"], "cwd": "/home/andrew/.paseo/worktrees/39ifwuy3/hesitant-anaconda/.loci/issues/001-secondary-workspaces-first-class/artifacts/20260819T224136Z-live-run/run-root/conditional", "event": "command", "returncode": 0, "stderr": "Working copy  (@) now at: lyzrrmpm 16a7f90d (empty) (no description set)\nParent commit (@-)      : zzzzzzzz 00000000 (empty) (no description set)\n", "stdout": ""}
{"argv": ["jj", "log", "-r", "@", "--no-graph", "-T", "author.name()"], "cwd": "/home/andrew/.paseo/worktrees/39ifwuy3/hesitant-anaconda/.loci/issues/001-secondary-workspaces-first-class/artifacts/20260819T224136Z-live-run/run-root/conditional", "event": "command", "returncode": 0, "stderr": "", "stdout": "Conditional Repository Author"}
{"argv": ["jj", "log", "-r", "@", "--no-graph", "-T", "author.email()"], "cwd": "/home/andrew/.paseo/worktrees/39ifwuy3/hesitant-anaconda/.loci/issues/001-secondary-workspaces-first-class/artifacts/20260819T224136Z-live-run/run-root/conditional", "event": "command", "returncode": 0, "stderr": "", "stdout": "conditional@live.invalid"}
{"event": "assertion", "name": "repository path condition", "status": "passed", "value": ["Conditional Repository Author", "repository@live.invalid"]}
{"event": "assertion", "name": "workspace path condition", "status": "passed", "value": ["Conditional Repository Author", "conditional@live.invalid"]}
{"event": "assertion", "name": "CLI conditional identity", "status": "passed", "value": ["Conditional Repository Author", "conditional@live.invalid"]}
{"event": "assertion", "name": "environment override precedence", "status": "passed", "value": ["Environment Author", "environment@live.invalid"]}
{"argv": ["jj", "git", "init", "--colocate"], "cwd": "/home/andrew/.paseo/worktrees/39ifwuy3/hesitant-anaconda/.loci/issues/001-secondary-workspaces-first-class/artifacts/20260819T224136Z-live-run/run-root/clean-repository", "event": "command", "returncode": 0, "stderr": "Initialized repo in \".\"\n", "stdout": ""}
{"event": "assertion", "name": "normal load repo config ID absent", "status": "passed", "value": false}
{"event": "assertion", "name": "normal load workspace config ID absent", "status": "passed", "value": false}
{"event": "assertion", "name": "normal load secure repo directory absent", "status": "passed", "value": false}
{"event": "assertion", "name": "normal load secure workspace directory absent", "status": "passed", "value": false}
{"argv": ["jj", "git", "init", "--colocate"], "cwd": "/home/andrew/.paseo/worktrees/39ifwuy3/hesitant-anaconda/.loci/issues/001-secondary-workspaces-first-class/artifacts/20260819T224136Z-live-run/run-root/migration-repository", "event": "command", "returncode": 0, "stderr": "Initialized repo in \".\"\n", "stdout": ""}
{"event": "assertion", "name": "secure migration warning emitted", "status": "passed"}
{"event": "assertion", "name": "migrated configuration authors commits", "status": "passed", "value": ["Migrated Author", "migrated@live.invalid"]}
{"event": "result", "status": "passed"}
